<!doctype html>
<html lang="en">
  <head>
    <script type="module">
import RefreshRuntime from "/@react-refresh"
RefreshRuntime.injectIntoGlobalHook(window)
window.$RefreshReg$ = () => {}
window.$RefreshSig$ = () => (type) => type
window.__vite_plugin_react_preamble_installed__ = true
</script>

    <script type="module" src="/@vite/client"></script>

    <meta charset="UTF-8" />
    <link rel="icon" type="image/svg+xml" href="/public/fav-icon.png" />
    <meta name="viewport" content="width=device-width, initial-scale=1.0" />

    <!-- SEO Meta Tags -->
    <title>Bharat Engineering Solution | Precision Engineering & Manufacturing</title>
    <meta name="description" content="Bharat Engineering Solution (BES), based in Roorkee, Uttarakhand, provides precision engineering, die-casting components and fabrication solutions." />
    <meta name="keywords" content="Bharat Engineering Solution, Precision Engineering, Engineering Components, Die Casting Components, HPDC Parts, LPDC Parts, GDC Parts, Fabrication Work, Manufacturing Company in Roorkee, Engineering Components in Uttarakhand" />
    <meta name="author" content="Bharat Engineering Solution" />

    <!-- Open Graph / Facebook -->
    <meta property="og:type" content="website" />
    <meta property="og:title" content="Bharat Engineering Solution | Precision Engineering & Manufacturing" />
    <meta property="og:description" content="Bharat Engineering Solution (BES), based in Roorkee, Uttarakhand, provides precision engineering, die-casting components and fabrication solutions." />
    <meta property="og:image" content="/public/og-image.jpg" />
    <meta property="og:url" content="https://yourwebsite.com" />

    <!-- Twitter Meta Tags -->
    <meta name="twitter:card" content="summary_large_image" />
    <meta name="twitter:title" content="Bharat Engineering Solution | Precision Engineering & Manufacturing" />
    <meta name="twitter:description" content="Bharat Engineering Solution (BES), based in Roorkee, Uttarakhand, provides precision engineering, die-casting components and fabrication solutions." />
    <meta name="twitter:image" content="/public/og-image.jpg" />


    <link rel="canonical" href="https://modern-business-landing.netlify.app" />

  </head>
  <body>
    <div id="root"></div>
    <script type="module" src="/src/main.jsx?t=1790181379380"></script>
  </body>
</html>